{
    "sarscov2 - bam - stub": {
        "content": [
            {
                "0": [
                    
                ],
                "1": [
                    
                ],
                "bam": [
                    
                ],
                "versions": [
                    
                ]
            }
        ],
        "meta": {
            "nf-test": "0.9.2",
            "nextflow": "24.10.5"
        },
        "timestamp": "2025-03-25T11:48:49.633583"
    },
    "sarscov2 - bam": {
        "content": [
            {
                "0": [
                    
                ],
                "1": [
                    
                ],
                "bam": [
                    
                ],
                "versions": [
                    
                ]
            }
        ],
        "meta": {
            "nf-test": "0.9.2",
            "nextflow": "24.10.5"
        },
        "timestamp": "2025-03-25T11:48:26.180059"
    }
}